Archive member included to satisfy reference by file (symbol)

e:/stm32cubeide_1.3.0/stm32cubeide/plugins/com.st.stm32cube.ide.mcu.externaltools.gnu-tools-for-stm32.7-2018-q2-update.win32_1.0.0.201904181610/tools/bin/../lib/gcc/arm-none-eabi/7.3.1/../../../../arm-none-eabi/lib/thumb/v7e-m/fpv4-sp/hard\libc_nano.a(lib_a-errno.o)
                              Core/Src/syscalls.o (__errno)
e:/stm32cubeide_1.3.0/stm32cubeide/plugins/com.st.stm32cube.ide.mcu.externaltools.gnu-tools-for-stm32.7-2018-q2-update.win32_1.0.0.201904181610/tools/bin/../lib/gcc/arm-none-eabi/7.3.1/../../../../arm-none-eabi/lib/thumb/v7e-m/fpv4-sp/hard\libc_nano.a(lib_a-exit.o)
                              e:/stm32cubeide_1.3.0/stm32cubeide/plugins/com.st.stm32cube.ide.mcu.externaltools.gnu-tools-for-stm32.7-2018-q2-update.win32_1.0.0.201904181610/tools/bin/../lib/gcc/arm-none-eabi/7.3.1/../../../../arm-none-eabi/lib/thumb/v7e-m/fpv4-sp/hard/crt0.o (exit)
e:/stm32cubeide_1.3.0/stm32cubeide/plugins/com.st.stm32cube.ide.mcu.externaltools.gnu-tools-for-stm32.7-2018-q2-update.win32_1.0.0.201904181610/tools/bin/../lib/gcc/arm-none-eabi/7.3.1/../../../../arm-none-eabi/lib/thumb/v7e-m/fpv4-sp/hard\libc_nano.a(lib_a-impure.o)
                              e:/stm32cubeide_1.3.0/stm32cubeide/plugins/com.st.stm32cube.ide.mcu.externaltools.gnu-tools-for-stm32.7-2018-q2-update.win32_1.0.0.201904181610/tools/bin/../lib/gcc/arm-none-eabi/7.3.1/../../../../arm-none-eabi/lib/thumb/v7e-m/fpv4-sp/hard\libc_nano.a(lib_a-exit.o) (_global_impure_ptr)
e:/stm32cubeide_1.3.0/stm32cubeide/plugins/com.st.stm32cube.ide.mcu.externaltools.gnu-tools-for-stm32.7-2018-q2-update.win32_1.0.0.201904181610/tools/bin/../lib/gcc/arm-none-eabi/7.3.1/../../../../arm-none-eabi/lib/thumb/v7e-m/fpv4-sp/hard\libc_nano.a(lib_a-init.o)
                              e:/stm32cubeide_1.3.0/stm32cubeide/plugins/com.st.stm32cube.ide.mcu.externaltools.gnu-tools-for-stm32.7-2018-q2-update.win32_1.0.0.201904181610/tools/bin/../lib/gcc/arm-none-eabi/7.3.1/../../../../arm-none-eabi/lib/thumb/v7e-m/fpv4-sp/hard/crt0.o (__libc_init_array)
e:/stm32cubeide_1.3.0/stm32cubeide/plugins/com.st.stm32cube.ide.mcu.externaltools.gnu-tools-for-stm32.7-2018-q2-update.win32_1.0.0.201904181610/tools/bin/../lib/gcc/arm-none-eabi/7.3.1/../../../../arm-none-eabi/lib/thumb/v7e-m/fpv4-sp/hard\libc_nano.a(lib_a-memcpy-stub.o)
                              Middlewares/Third_Party/FreeRTOS/Source/CMSIS_RTOS_V2/cmsis_os2.o (memcpy)
e:/stm32cubeide_1.3.0/stm32cubeide/plugins/com.st.stm32cube.ide.mcu.externaltools.gnu-tools-for-stm32.7-2018-q2-update.win32_1.0.0.201904181610/tools/bin/../lib/gcc/arm-none-eabi/7.3.1/../../../../arm-none-eabi/lib/thumb/v7e-m/fpv4-sp/hard\libc_nano.a(lib_a-memset.o)
                              e:/stm32cubeide_1.3.0/stm32cubeide/plugins/com.st.stm32cube.ide.mcu.externaltools.gnu-tools-for-stm32.7-2018-q2-update.win32_1.0.0.201904181610/tools/bin/../lib/gcc/arm-none-eabi/7.3.1/../../../../arm-none-eabi/lib/thumb/v7e-m/fpv4-sp/hard/crt0.o (memset)
e:/stm32cubeide_1.3.0/stm32cubeide/plugins/com.st.stm32cube.ide.mcu.externaltools.gnu-tools-for-stm32.7-2018-q2-update.win32_1.0.0.201904181610/tools/bin/../lib/gcc/arm-none-eabi/7.3.1/thumb/v7e-m/fpv4-sp/hard\libgcc.a(_aeabi_ldivmod.o)
                              Drivers/STM32F4xx_HAL_Driver/Src/stm32f4xx_hal_rcc.o (__aeabi_ldivmod)
e:/stm32cubeide_1.3.0/stm32cubeide/plugins/com.st.stm32cube.ide.mcu.externaltools.gnu-tools-for-stm32.7-2018-q2-update.win32_1.0.0.201904181610/tools/bin/../lib/gcc/arm-none-eabi/7.3.1/thumb/v7e-m/fpv4-sp/hard\libgcc.a(_aeabi_uldivmod.o)
                              Drivers/STM32F4xx_HAL_Driver/Src/stm32f4xx_hal_rcc.o (__aeabi_uldivmod)
e:/stm32cubeide_1.3.0/stm32cubeide/plugins/com.st.stm32cube.ide.mcu.externaltools.gnu-tools-for-stm32.7-2018-q2-update.win32_1.0.0.201904181610/tools/bin/../lib/gcc/arm-none-eabi/7.3.1/thumb/v7e-m/fpv4-sp/hard\libgcc.a(_udivmoddi4.o)
                              e:/stm32cubeide_1.3.0/stm32cubeide/plugins/com.st.stm32cube.ide.mcu.externaltools.gnu-tools-for-stm32.7-2018-q2-update.win32_1.0.0.201904181610/tools/bin/../lib/gcc/arm-none-eabi/7.3.1/thumb/v7e-m/fpv4-sp/hard\libgcc.a(_aeabi_ldivmod.o) (__udivmoddi4)
e:/stm32cubeide_1.3.0/stm32cubeide/plugins/com.st.stm32cube.ide.mcu.externaltools.gnu-tools-for-stm32.7-2018-q2-update.win32_1.0.0.201904181610/tools/bin/../lib/gcc/arm-none-eabi/7.3.1/thumb/v7e-m/fpv4-sp/hard\libgcc.a(_dvmd_tls.o)
                              e:/stm32cubeide_1.3.0/stm32cubeide/plugins/com.st.stm32cube.ide.mcu.externaltools.gnu-tools-for-stm32.7-2018-q2-update.win32_1.0.0.201904181610/tools/bin/../lib/gcc/arm-none-eabi/7.3.1/thumb/v7e-m/fpv4-sp/hard\libgcc.a(_aeabi_ldivmod.o) (__aeabi_ldiv0)

Allocating common symbols
Common symbol       size              file

defaultTaskHandle   0x4               Core/Src/main.o
uwTick              0x4               Drivers/STM32F4xx_HAL_Driver/Src/stm32f4xx_hal.o
[...]
Memory Configuration

Name             Origin             Length             Attributes
CCMRAM           0x0000000010000000 0x0000000000010000 xrw
RAM              0x0000000020000000 0x0000000000030000 xrw
FLASH            0x0000000008000000 0x0000000000200000 xr
*default*        0x0000000000000000 0xffffffffffffffff

Linker script and memory map

LOAD e:/stm32cubeide_1.3.0/stm32cubeide/plugins/com.st.stm32cube.ide.mcu.externaltools.gnu-tools-for-stm32.7-2018-q2-update.win32_1.0.0.201904181610/tools/bin/../lib/gcc/arm-none-eabi/7.3.1/thumb/v7e-m/fpv4-sp/hard/crti.o
LOAD e:/stm32cubeide_1.3.0/stm32cubeide/plugins/com.st.stm32cube.ide.mcu.externaltools.gnu-tools-for-stm32.7-2018-q2-update.win32_1.0.0.201904181610/tools/bin/../lib/gcc/arm-none-eabi/7.3.1/thumb/v7e-m/fpv4-sp/hard/crtbegin.o
LOAD e:/stm32cubeide_1.3.0/stm32cubeide/plugins/com.st.stm32cube.ide.mcu.externaltools.gnu-tools-for-stm32.7-2018-q2-update.win32_1.0.0.201904181610/tools/bin/../lib/gcc/arm-none-eabi/7.3.1/../../../../arm-none-eabi/lib/thumb/v7e-m/fpv4-sp/hard/crt0.o
LOAD Core/Src/freertos.o
LOAD Core/Src/main.o
LOAD Core/Src/stm32f4xx_hal_msp.o
LOAD Core/Src/stm32f4xx_it.o
LOAD Core/Src/syscalls.o
LOAD Core/Src/sysmem.o
LOAD Core/Src/system_stm32f4xx.o
LOAD Core/Startup/startup_stm32f429zitx.o
LOAD Drivers/STM32F4xx_HAL_Driver/Src/stm32f4xx_hal.o
LOAD Drivers/STM32F4xx_HAL_Driver/Src/stm32f4xx_hal_cortex.o
LOAD Drivers/STM32F4xx_HAL_Driver/Src/stm32f4xx_hal_dma.o
LOAD Drivers/STM32F4xx_HAL_Driver/Src/stm32f4xx_hal_dma_ex.o
LOAD Drivers/STM32F4xx_HAL_Driver/Src/stm32f4xx_hal_exti.o
LOAD Drivers/STM32F4xx_HAL_Driver/Src/stm32f4xx_hal_flash.o
LOAD Drivers/STM32F4xx_HAL_Driver/Src/stm32f4xx_hal_flash_ex.o
LOAD Drivers/STM32F4xx_HAL_Driver/Src/stm32f4xx_hal_flash_ramfunc.o
LOAD Drivers/STM32F4xx_HAL_Driver/Src/stm32f4xx_hal_gpio.o
LOAD Drivers/STM32F4xx_HAL_Driver/Src/stm32f4xx_hal_pwr.o
LOAD Drivers/STM32F4xx_HAL_Driver/Src/stm32f4xx_hal_pwr_ex.o
LOAD Drivers/STM32F4xx_HAL_Driver/Src/stm32f4xx_hal_rcc.o
LOAD Drivers/STM32F4xx_HAL_Driver/Src/stm32f4xx_hal_rcc_ex.o
LOAD Drivers/STM32F4xx_HAL_Driver/Src/stm32f4xx_hal_tim.o
LOAD Drivers/STM32F4xx_HAL_Driver/Src/stm32f4xx_hal_tim_ex.o
LOAD Middlewares/Third_Party/FreeRTOS/Source/CMSIS_RTOS_V2/cmsis_os2.o
LOAD Middlewares/Third_Party/FreeRTOS/Source/croutine.o
LOAD Middlewares/Third_Party/FreeRTOS/Source/event_groups.o
LOAD Middlewares/Third_Party/FreeRTOS/Source/list.o
LOAD Middlewares/Third_Party/FreeRTOS/Source/queue.o
LOAD Middlewares/Third_Party/FreeRTOS/Source/stream_buffer.o
LOAD Middlewares/Third_Party/FreeRTOS/Source/tasks.o
LOAD Middlewares/Third_Party/FreeRTOS/Source/timers.o
LOAD Middlewares/Third_Party/FreeRTOS/Source/portable/GCC/ARM_CM4F/port.o
LOAD Middlewares/Third_Party/FreeRTOS/Source/portable/MemMang/heap_4.o
START GROUP
LOAD e:/stm32cubeide_1.3.0/stm32cubeide/plugins/com.st.stm32cube.ide.mcu.externaltools.gnu-tools-for-stm32.7-2018-q2-update.win32_1.0.0.201904181610/tools/bin/../lib/gcc/arm-none-eabi/7.3.1/../../../../arm-none-eabi/lib/thumb/v7e-m/fpv4-sp/hard\libc_nano.a
LOAD e:/stm32cubeide_1.3.0/stm32cubeide/plugins/com.st.stm32cube.ide.mcu.externaltools.gnu-tools-for-stm32.7-2018-q2-update.win32_1.0.0.201904181610/tools/bin/../lib/gcc/arm-none-eabi/7.3.1/../../../../arm-none-eabi/lib/thumb/v7e-m/fpv4-sp/hard\libm.a
END GROUP
START GROUP
LOAD e:/stm32cubeide_1.3.0/stm32cubeide/plugins/com.st.stm32cube.ide.mcu.externaltools.gnu-tools-for-stm32.7-2018-q2-update.win32_1.0.0.201904181610/tools/bin/../lib/gcc/arm-none-eabi/7.3.1/thumb/v7e-m/fpv4-sp/hard\libgcc.a
LOAD e:/stm32cubeide_1.3.0/stm32cubeide/plugins/com.st.stm32cube.ide.mcu.externaltools.gnu-tools-for-stm32.7-2018-q2-update.win32_1.0.0.201904181610/tools/bin/../lib/gcc/arm-none-eabi/7.3.1/../../../../arm-none-eabi/lib/thumb/v7e-m/fpv4-sp/hard\libc_nano.a
END GROUP
START GROUP
LOAD e:/stm32cubeide_1.3.0/stm32cubeide/plugins/com.st.stm32cube.ide.mcu.externaltools.gnu-tools-for-stm32.7-2018-q2-update.win32_1.0.0.201904181610/tools/bin/../lib/gcc/arm-none-eabi/7.3.1/thumb/v7e-m/fpv4-sp/hard\libgcc.a
LOAD e:/stm32cubeide_1.3.0/stm32cubeide/plugins/com.st.stm32cube.ide.mcu.externaltools.gnu-tools-for-stm32.7-2018-q2-update.win32_1.0.0.201904181610/tools/bin/../lib/gcc/arm-none-eabi/7.3.1/../../../../arm-none-eabi/lib/thumb/v7e-m/fpv4-sp/hard\libc_nano.a
LOAD e:/stm32cubeide_1.3.0/stm32cubeide/plugins/com.st.stm32cube.ide.mcu.externaltools.gnu-tools-for-stm32.7-2018-q2-update.win32_1.0.0.201904181610/tools/bin/../lib/gcc/arm-none-eabi/7.3.1/../../../../arm-none-eabi/lib/thumb/v7e-m/fpv4-sp/hard\libnosys.a
END GROUP
START GROUP
LOAD e:/stm32cubeide_1.3.0/stm32cubeide/plugins/com.st.stm32cube.ide.mcu.externaltools.gnu-tools-for-stm32.7-2018-q2-update.win32_1.0.0.201904181610/tools/bin/../lib/gcc/arm-none-eabi/7.3.1/thumb/v7e-m/fpv4-sp/hard\libgcc.a
LOAD e:/stm32cubeide_1.3.0/stm32cubeide/plugins/com.st.stm32cube.ide.mcu.externaltools.gnu-tools-for-stm32.7-2018-q2-update.win32_1.0.0.201904181610/tools/bin/../lib/gcc/arm-none-eabi/7.3.1/../../../../arm-none-eabi/lib/thumb/v7e-m/fpv4-sp/hard\libc_nano.a
LOAD e:/stm32cubeide_1.3.0/stm32cubeide/plugins/com.st.stm32cube.ide.mcu.externaltools.gnu-tools-for-stm32.7-2018-q2-update.win32_1.0.0.201904181610/tools/bin/../lib/gcc/arm-none-eabi/7.3.1/../../../../arm-none-eabi/lib/thumb/v7e-m/fpv4-sp/hard\libnosys.a
END GROUP
LOAD e:/stm32cubeide_1.3.0/stm32cubeide/plugins/com.st.stm32cube.ide.mcu.externaltools.gnu-tools-for-stm32.7-2018-q2-update.win32_1.0.0.201904181610/tools/bin/../lib/gcc/arm-none-eabi/7.3.1/thumb/v7e-m/fpv4-sp/hard/crtend.o
LOAD e:/stm32cubeide_1.3.0/stm32cubeide/plugins/com.st.stm32cube.ide.mcu.externaltools.gnu-tools-for-stm32.7-2018-q2-update.win32_1.0.0.201904181610/tools/bin/../lib/gcc/arm-none-eabi/7.3.1/thumb/v7e-m/fpv4-sp/hard/crtn.o
                0x0000000020030000                _estack = (ORIGIN (RAM) + LENGTH (RAM))
                0x0000000000000200                _Min_Heap_Size = 0x200
                0x0000000000000400                _Min_Stack_Size = 0x400

.isr_vector     0x0000000008000000      0x1ac
                0x0000000008000000                . = ALIGN (0x4)
 *(.isr_vector)
 .isr_vector    0x0000000008000000      0x1ac Core/Startup/startup_stm32f429zitx.o
                0x0000000008000000                g_pfnVectors
                0x00000000080001ac                . = ALIGN (0x4)

.text           0x00000000080001b0     0x2884
                0x00000000080001b0                . = ALIGN (0x4)
 *(.text)
 .text          0x00000000080001b0       0x40 e:/stm32cubeide_1.3.0/stm32cubeide/plugins/com.st.stm32cube.ide.mcu.externaltools.gnu-tools-for-stm32.7-2018-q2-update.win32_1.0.0.201904181610/tools/bin/../lib/gcc/arm-none-eabi/7.3.1/thumb/v7e-m/fpv4-sp/hard/crtbegin.o
 .text          0x00000000080001f0       0x30 e:/stm32cubeide_1.3.0/stm32cubeide/plugins/com.st.stm32cube.ide.mcu.externaltools.gnu-tools-for-stm32.7-2018-q2-update.win32_1.0.0.201904181610/tools/bin/../lib/gcc/arm-none-eabi/7.3.1/thumb/v7e-m/fpv4-sp/hard\libgcc.a(_aeabi_uldivmod.o)
                0x00000000080001f0                __aeabi_uldivmod
 .text          0x0000000008000220      0x2cc e:/stm32cubeide_1.3.0/stm32cubeide/plugins/com.st.stm32cube.ide.mcu.externaltools.gnu-tools-for-stm32.7-2018-q2-update.win32_1.0.0.201904181610/tools/bin/../lib/gcc/arm-none-eabi/7.3.1/thumb/v7e-m/fpv4-sp/hard\libgcc.a(_udivmoddi4.o)
                0x0000000008000220                __udivmoddi4
 .text          0x00000000080004ec        0x4 e:/stm32cubeide_1.3.0/stm32cubeide/plugins/com.st.stm32cube.ide.mcu.externaltools.gnu-tools-for-stm32.7-2018-q2-update.win32_1.0.0.201904181610/tools/bin/../lib/gcc/arm-none-eabi/7.3.1/thumb/v7e-m/fpv4-sp/hard\libgcc.a(_dvmd_tls.o)
                0x00000000080004ec                __aeabi_idiv0
                0x00000000080004ec                __aeabi_ldiv0
 *(.text*)
 .text.StartDefaultTask
                0x00000000080004f0       0x1c Core/Src/main.o
                0x00000000080004f0                StartDefaultTask
 .text.StartTask02
                0x000000000800050c       0x1c Core/Src/main.o
                0x000000000800050c                StartTask02
 .text.SystemClock_Config
                0x0000000008000528       0x80 Core/Src/main.o
                0x0000000008000528                SystemClock_Config
 .text.startup.main
                0x00000000080005a8       0x94 Core/Src/main.o
                0x00000000080005a8                main
 .text.HAL_MspInit
                0x000000000800063c       0x40 Core/Src/stm32f4xx_hal_msp.o
                0x000000000800063c                HAL_MspInit
 .text.NMI_Handler
                0x000000000800067c        0x2 Core/Src/stm32f4xx_it.o
                0x000000000800067c                NMI_Handler
 .text.HardFault_Handler
                0x000000000800067e        0x2 Core/Src/stm32f4xx_it.o
                0x000000000800067e                HardFault_Handler
 .text.MemManage_Handler
                0x0000000008000680        0x2 Core/Src/stm32f4xx_it.o
                0x0000000008000680                MemManage_Handler
 .text.BusFault_Handler
                0x0000000008000682        0x2 Core/Src/stm32f4xx_it.o
                0x0000000008000682                BusFault_Handler
 .text.UsageFault_Handler
                0x0000000008000684        0x2 Core/Src/stm32f4xx_it.o
                0x0000000008000684                UsageFault_Handler
 .text.DebugMon_Handler
                0x0000000008000686        0x2 Core/Src/stm32f4xx_it.o
                0x0000000008000686                DebugMon_Handler
 .text.SysTick_Handler
                0x0000000008000688       0x18 Core/Src/stm32f4xx_it.o
                0x0000000008000688                SysTick_Handler
 .text.SystemInit
                0x00000000080006a0       0x1c Core/Src/system_stm32f4xx.o
                0x00000000080006a0                SystemInit
 .text.Reset_Handler
                0x00000000080006bc       0x50 Core/Startup/startup_stm32f429zitx.o
                0x00000000080006bc                Reset_Handler
 .text.Default_Handler
                0x000000000800070c        0x2 Core/Startup/startup_stm32f429zitx.o
                0x000000000800070c                RTC_Alarm_IRQHandler
                0x000000000800070c                HASH_RNG_IRQHandler
                0x000000000800070c                EXTI2_IRQHandler
                0x000000000800070c                TIM8_CC_IRQHandler
                0x000000000800070c                UART8_IRQHandler
                0x000000000800070c                SPI4_IRQHandler
                0x000000000800070c                TIM1_CC_IRQHandler
                0x000000000800070c                DMA2_Stream5_IRQHandler
                0x000000000800070c                DMA1_Stream5_IRQHandler
                0x000000000800070c                PVD_IRQHandler
                0x000000000800070c                SDIO_IRQHandler
                0x000000000800070c                TAMP_STAMP_IRQHandler
                0x000000000800070c                CAN2_RX1_IRQHandler
                0x000000000800070c                EXTI3_IRQHandler
                0x000000000800070c                TIM8_TRG_COM_TIM14_IRQHandler
                0x000000000800070c                TIM1_UP_TIM10_IRQHandler
                0x000000000800070c                TIM8_UP_TIM13_IRQHandler
                0x000000000800070c                I2C3_ER_IRQHandler
                0x000000000800070c                EXTI0_IRQHandler
                0x000000000800070c                I2C2_EV_IRQHandler
                0x000000000800070c                DMA1_Stream2_IRQHandler
                0x000000000800070c                CAN1_RX0_IRQHandler
                0x000000000800070c                FPU_IRQHandler
                0x000000000800070c                OTG_HS_WKUP_IRQHandler
                0x000000000800070c                LTDC_ER_IRQHandler
                0x000000000800070c                CAN2_SCE_IRQHandler
                0x000000000800070c                DMA2_Stream2_IRQHandler
                0x000000000800070c                SPI1_IRQHandler
                0x000000000800070c                TIM6_DAC_IRQHandler
                0x000000000800070c                TIM1_BRK_TIM9_IRQHandler
                0x000000000800070c                DCMI_IRQHandler
                0x000000000800070c                CAN2_RX0_IRQHandler
                0x000000000800070c                DMA2_Stream3_IRQHandler
                0x000000000800070c                USART6_IRQHandler
                0x000000000800070c                USART3_IRQHandler
                0x000000000800070c                CAN1_RX1_IRQHandler
                0x000000000800070c                UART5_IRQHandler
                0x000000000800070c                DMA2_Stream0_IRQHandler
                0x000000000800070c                TIM4_IRQHandler
                0x000000000800070c                I2C1_EV_IRQHandler
                0x000000000800070c                DMA1_Stream6_IRQHandler
                0x000000000800070c                DMA1_Stream1_IRQHandler
                0x000000000800070c                UART4_IRQHandler
                0x000000000800070c                TIM3_IRQHandler
                0x000000000800070c                RCC_IRQHandler
                0x000000000800070c                TIM8_BRK_TIM12_IRQHandler
                0x000000000800070c                Default_Handler
                0x000000000800070c                EXTI15_10_IRQHandler
                0x000000000800070c                ADC_IRQHandler
                0x000000000800070c                DMA1_Stream7_IRQHandler
                0x000000000800070c                SPI5_IRQHandler
                0x000000000800070c                TIM7_IRQHandler
                0x000000000800070c                CAN2_TX_IRQHandler
                0x000000000800070c                TIM5_IRQHandler
                0x000000000800070c                DMA2_Stream7_IRQHandler
                0x000000000800070c                I2C3_EV_IRQHandler
                0x000000000800070c                EXTI9_5_IRQHandler
                0x000000000800070c                RTC_WKUP_IRQHandler
                0x000000000800070c                LTDC_IRQHandler
                0x000000000800070c                ETH_WKUP_IRQHandler
                0x000000000800070c                SPI2_IRQHandler
                0x000000000800070c                OTG_HS_EP1_IN_IRQHandler
                0x000000000800070c                DMA1_Stream0_IRQHandler
                0x000000000800070c                CAN1_TX_IRQHandler
                0x000000000800070c                EXTI4_IRQHandler
                0x000000000800070c                ETH_IRQHandler
                0x000000000800070c                OTG_HS_EP1_OUT_IRQHandler
                0x000000000800070c                WWDG_IRQHandler
                0x000000000800070c                SPI6_IRQHandler
                0x000000000800070c                TIM2_IRQHandler
                0x000000000800070c                OTG_FS_WKUP_IRQHandler
                0x000000000800070c                TIM1_TRG_COM_TIM11_IRQHandler
                0x000000000800070c                OTG_HS_IRQHandler
                0x000000000800070c                DMA2D_IRQHandler
                0x000000000800070c                EXTI1_IRQHandler
                0x000000000800070c                UART7_IRQHandler
                0x000000000800070c                USART2_IRQHandler
                0x000000000800070c                I2C2_ER_IRQHandler
                0x000000000800070c                DMA2_Stream1_IRQHandler
                0x000000000800070c                CAN1_SCE_IRQHandler
                0x000000000800070c                FLASH_IRQHandler
                0x000000000800070c                DMA2_Stream4_IRQHandler
                0x000000000800070c                USART1_IRQHandler
                0x000000000800070c                OTG_FS_IRQHandler
                0x000000000800070c                SPI3_IRQHandler
                0x000000000800070c                DMA1_Stream4_IRQHandler
                0x000000000800070c                I2C1_ER_IRQHandler
                0x000000000800070c                FMC_IRQHandler
                0x000000000800070c                DMA2_Stream6_IRQHandler
                0x000000000800070c                SAI1_IRQHandler
                0x000000000800070c                DMA1_Stream3_IRQHandler
 *fill*         0x000000000800070e        0x2 
 .text.HAL_InitTick
                0x0000000008000710       0x48 Drivers/STM32F4xx_HAL_Driver/Src/stm32f4xx_hal.o
                0x0000000008000710                HAL_InitTick
 .text.HAL_Init
                0x0000000008000758       0x34 Drivers/STM32F4xx_HAL_Driver/Src/stm32f4xx_hal.o
                0x0000000008000758                HAL_Init
 .text.HAL_IncTick
                0x000000000800078c       0x18 Drivers/STM32F4xx_HAL_Driver/Src/stm32f4xx_hal.o
                0x000000000800078c                HAL_IncTick
 .text.HAL_GetTick
                0x00000000080007a4        0xc Drivers/STM32F4xx_HAL_Driver/Src/stm32f4xx_hal.o
                0x00000000080007a4                HAL_GetTick
 .text.HAL_NVIC_SetPriorityGrouping
                0x00000000080007b0       0x24 Drivers/STM32F4xx_HAL_Driver/Src/stm32f4xx_hal_cortex.o
                0x00000000080007b0                HAL_NVIC_SetPriorityGrouping
 .text.HAL_NVIC_SetPriority
                0x00000000080007d4       0x68 Drivers/STM32F4xx_HAL_Driver/Src/stm32f4xx_hal_cortex.o
                0x00000000080007d4                HAL_NVIC_SetPriority
 .text.HAL_SYSTICK_Config
                0x000000000800083c       0x2c Drivers/STM32F4xx_HAL_Driver/Src/stm32f4xx_hal_cortex.o
                0x000000000800083c                HAL_SYSTICK_Config
 .text.HAL_GPIO_Init
                0x0000000008000868      0x1d8 Drivers/STM32F4xx_HAL_Driver/Src/stm32f4xx_hal_gpio.o
                0x0000000008000868                HAL_GPIO_Init
 .text.HAL_GPIO_WritePin
                0x0000000008000a40        0xa Drivers/STM32F4xx_HAL_Driver/Src/stm32f4xx_hal_gpio.o
                0x0000000008000a40                HAL_GPIO_WritePin
 .text.HAL_GPIO_TogglePin
                0x0000000008000a4a        0xe Drivers/STM32F4xx_HAL_Driver/Src/stm32f4xx_hal_gpio.o
                0x0000000008000a4a                HAL_GPIO_TogglePin
 .text.HAL_RCC_OscConfig
                0x0000000008000a58      0x34c Drivers/STM32F4xx_HAL_Driver/Src/stm32f4xx_hal_rcc.o
                0x0000000008000a58                HAL_RCC_OscConfig
 .text.HAL_RCC_GetSysClockFreq
                0x0000000008000da4       0x5c Drivers/STM32F4xx_HAL_Driver/Src/stm32f4xx_hal_rcc.o
                0x0000000008000da4                HAL_RCC_GetSysClockFreq
 .text.HAL_RCC_ClockConfig
                0x0000000008000e00      0x134 Drivers/STM32F4xx_HAL_Driver/Src/stm32f4xx_hal_rcc.o
                0x0000000008000e00                HAL_RCC_ClockConfig
 .text.osKernelInitialize
                0x0000000008000f34       0x34 Middlewares/Third_Party/FreeRTOS/Source/CMSIS_RTOS_V2/cmsis_os2.o
                0x0000000008000f34                osKernelInitialize
 .text.osKernelStart
                0x0000000008000f68       0x40 Middlewares/Third_Party/FreeRTOS/Source/CMSIS_RTOS_V2/cmsis_os2.o
                0x0000000008000f68                osKernelStart
 .text.osThreadNew
                0x0000000008000fa8       0xac Middlewares/Third_Party/FreeRTOS/Source/CMSIS_RTOS_V2/cmsis_os2.o
                0x0000000008000fa8                osThreadNew
 .text.osDelay  0x0000000008001054       0x34 Middlewares/Third_Party/FreeRTOS/Source/CMSIS_RTOS_V2/cmsis_os2.o
                0x0000000008001054                osDelay
 .text.vApplicationGetIdleTaskMemory
                0x0000000008001088       0x18 Middlewares/Third_Party/FreeRTOS/Source/CMSIS_RTOS_V2/cmsis_os2.o
                0x0000000008001088                vApplicationGetIdleTaskMemory
 .text.vApplicationGetTimerTaskMemory
                0x00000000080010a0       0x18 Middlewares/Third_Party/FreeRTOS/Source/CMSIS_RTOS_V2/cmsis_os2.o
                0x00000000080010a0                vApplicationGetTimerTaskMemory
 .text.vListInitialise
                0x00000000080010b8       0x16 Middlewares/Third_Party/FreeRTOS/Source/list.o
                0x00000000080010b8                vListInitialise
 .text.vListInitialiseItem
                0x00000000080010ce        0x6 Middlewares/Third_Party/FreeRTOS/Source/list.o
                0x00000000080010ce                vListInitialiseItem
 .text.vListInsertEnd
                0x00000000080010d4       0x18 Middlewares/Third_Party/FreeRTOS/Source/list.o
                0x00000000080010d4                vListInsertEnd
 .text.vListInsert
                0x00000000080010ec       0x2e Middlewares/Third_Party/FreeRTOS/Source/list.o
                0x00000000080010ec                vListInsert
 .text.uxListRemove
                0x000000000800111a       0x22 Middlewares/Third_Party/FreeRTOS/Source/list.o
                0x000000000800111a                uxListRemove
 .text.prvIsQueueEmpty
                0x000000000800113c       0x16 Middlewares/Third_Party/FreeRTOS/Source/queue.o
 .text.prvCopyDataToQueue
                0x0000000008001152       0x66 Middlewares/Third_Party/FreeRTOS/Source/queue.o
 .text.prvCopyDataFromQueue
                0x00000000080011b8       0x2a Middlewares/Third_Party/FreeRTOS/Source/queue.o
 .text.prvUnlockQueue
                0x00000000080011e2       0x70 Middlewares/Third_Party/FreeRTOS/Source/queue.o
 *fill*         0x0000000008001252        0x2 
 .text.xQueueGenericReset
                0x0000000008001254       0x80 Middlewares/Third_Party/FreeRTOS/Source/queue.o
                0x0000000008001254                xQueueGenericReset
 .text.xQueueGenericCreateStatic
                0x00000000080012d4       0x9c Middlewares/Third_Party/FreeRTOS/Source/queue.o
                0x00000000080012d4                xQueueGenericCreateStatic
 .text.xQueueGenericSend
                0x0000000008001370      0x164 Middlewares/Third_Party/FreeRTOS/Source/queue.o
                0x0000000008001370                xQueueGenericSend
 .text.xQueueGenericSendFromISR
                0x00000000080014d4       0xc2 Middlewares/Third_Party/FreeRTOS/Source/queue.o
                0x00000000080014d4                xQueueGenericSendFromISR
 *fill*         0x0000000008001596        0x2 
 .text.xQueueReceive
                0x0000000008001598      0x140 Middlewares/Third_Party/FreeRTOS/Source/queue.o
                0x0000000008001598                xQueueReceive
 .text.vQueueAddToRegistry
                0x00000000080016d8       0x24 Middlewares/Third_Party/FreeRTOS/Source/queue.o
                0x00000000080016d8                vQueueAddToRegistry
 .text.vQueueWaitForMessageRestricted
                0x00000000080016fc       0x46 Middlewares/Third_Party/FreeRTOS/Source/queue.o
                0x00000000080016fc                vQueueWaitForMessageRestricted
 *fill*         0x0000000008001742        0x2 
 .text.prvAddNewTaskToReadyList
                0x0000000008001744      0x100 Middlewares/Third_Party/FreeRTOS/Source/tasks.o
 .text.prvDeleteTCB
                0x0000000008001844       0x36 Middlewares/Third_Party/FreeRTOS/Source/tasks.o
 *fill*         0x000000000800187a        0x2 
 .text.prvIdleTask
                0x000000000800187c       0x64 Middlewares/Third_Party/FreeRTOS/Source/tasks.o
 .text.prvResetNextTaskUnblockTime
                0x00000000080018e0       0x24 Middlewares/Third_Party/FreeRTOS/Source/tasks.o
 .text.prvInitialiseNewTask.isra.2
                0x0000000008001904       0x96 Middlewares/Third_Party/FreeRTOS/Source/tasks.o
 *fill*         0x000000000800199a        0x2 
 .text.prvAddCurrentTaskToDelayedList
                0x000000000800199c       0x74 Middlewares/Third_Party/FreeRTOS/Source/tasks.o
 .text.xTaskCreateStatic
                0x0000000008001a10       0x70 Middlewares/Third_Party/FreeRTOS/Source/tasks.o
                0x0000000008001a10                xTaskCreateStatic
 .text.xTaskCreate
                0x0000000008001a80       0x5a Middlewares/Third_Party/FreeRTOS/Source/tasks.o
                0x0000000008001a80                xTaskCreate
 *fill*         0x0000000008001ada        0x2 
 .text.vTaskStartScheduler
                0x0000000008001adc       0x88 Middlewares/Third_Party/FreeRTOS/Source/tasks.o
                0x0000000008001adc                vTaskStartScheduler
 .text.vTaskSuspendAll
                0x0000000008001b64       0x10 Middlewares/Third_Party/FreeRTOS/Source/tasks.o
                0x0000000008001b64                vTaskSuspendAll
 .text.xTaskGetTickCount
                0x0000000008001b74        0xc Middlewares/Third_Party/FreeRTOS/Source/tasks.o
                0x0000000008001b74                xTaskGetTickCount
 .text.xTaskIncrementTick
                0x0000000008001b80      0x120 Middlewares/Third_Party/FreeRTOS/Source/tasks.o
                0x0000000008001b80                xTaskIncrementTick
 .text.xTaskResumeAll
                0x0000000008001ca0       0xe8 Middlewares/Third_Party/FreeRTOS/Source/tasks.o
                0x0000000008001ca0                xTaskResumeAll
 .text.vTaskDelay
                0x0000000008001d88       0x48 Middlewares/Third_Party/FreeRTOS/Source/tasks.o
                0x0000000008001d88                vTaskDelay
 .text.vTaskSwitchContext
                0x0000000008001dd0       0x78 Middlewares/Third_Party/FreeRTOS/Source/tasks.o
                0x0000000008001dd0                vTaskSwitchContext
 .text.vTaskPlaceOnEventList
                0x0000000008001e48       0x34 Middlewares/Third_Party/FreeRTOS/Source/tasks.o
                0x0000000008001e48                vTaskPlaceOnEventList
 .text.vTaskPlaceOnEventListRestricted
                0x0000000008001e7c       0x3c Middlewares/Third_Party/FreeRTOS/Source/tasks.o
                0x0000000008001e7c                vTaskPlaceOnEventListRestricted
 .text.xTaskRemoveFromEventList
                0x0000000008001eb8       0x80 Middlewares/Third_Party/FreeRTOS/Source/tasks.o
                0x0000000008001eb8                xTaskRemoveFromEventList
 .text.vTaskInternalSetTimeOutState
                0x0000000008001f38       0x18 Middlewares/Third_Party/FreeRTOS/Source/tasks.o
                0x0000000008001f38                vTaskInternalSetTimeOutState
 .text.xTaskCheckForTimeOut
                0x0000000008001f50       0x78 Middlewares/Third_Party/FreeRTOS/Source/tasks.o
                0x0000000008001f50                xTaskCheckForTimeOut
 .text.vTaskMissedYield
                0x0000000008001fc8        0xc Middlewares/Third_Party/FreeRTOS/Source/tasks.o
                0x0000000008001fc8                vTaskMissedYield
 .text.xTaskGetSchedulerState
                0x0000000008001fd4       0x20 Middlewares/Third_Party/FreeRTOS/Source/tasks.o
                0x0000000008001fd4                xTaskGetSchedulerState
 .text.xTaskPriorityDisinherit
                0x0000000008001ff4       0x84 Middlewares/Third_Party/FreeRTOS/Source/tasks.o
                0x0000000008001ff4                xTaskPriorityDisinherit
 .text.prvCheckForValidListAndQueue
                0x0000000008002078       0x68 Middlewares/Third_Party/FreeRTOS/Source/timers.o
 .text.prvInsertTimerInActiveList
                0x00000000080020e0       0x3c Middlewares/Third_Party/FreeRTOS/Source/timers.o
 .text.xTimerCreateTimerTask
                0x000000000800211c       0x64 Middlewares/Third_Party/FreeRTOS/Source/timers.o
                0x000000000800211c                xTimerCreateTimerTask
 .text.xTimerGenericCommand
                0x0000000008002180       0x58 Middlewares/Third_Party/FreeRTOS/Source/timers.o
                0x0000000008002180                xTimerGenericCommand
 .text.prvSwitchTimerLists
                0x00000000080021d8       0x80 Middlewares/Third_Party/FreeRTOS/Source/timers.o
 .text.prvTimerTask
                0x0000000008002258      0x220 Middlewares/Third_Party/FreeRTOS/Source/timers.o
 .text.prvTaskExitError
                0x0000000008002478       0x40 Middlewares/Third_Party/FreeRTOS/Source/portable/GCC/ARM_CM4F/port.o
 .text.unlikely.prvPortStartFirstTask
                0x00000000080024b8       0x28 Middlewares/Third_Party/FreeRTOS/Source/portable/GCC/ARM_CM4F/port.o
 .text.unlikely.vPortEnableVFP
                0x00000000080024e0       0x14 Middlewares/Third_Party/FreeRTOS/Source/portable/GCC/ARM_CM4F/port.o
 .text.pxPortInitialiseStack
                0x00000000080024f4       0x2c Middlewares/Third_Party/FreeRTOS/Source/portable/GCC/ARM_CM4F/port.o
                0x00000000080024f4                pxPortInitialiseStack
 .text.SVC_Handler
                0x0000000008002520       0x24 Middlewares/Third_Party/FreeRTOS/Source/portable/GCC/ARM_CM4F/port.o
                0x0000000008002520                SVC_Handler
 .text.vPortEnterCritical
                0x0000000008002544       0x44 Middlewares/Third_Party/FreeRTOS/Source/portable/GCC/ARM_CM4F/port.o
                0x0000000008002544                vPortEnterCritical
 .text.vPortExitCritical
                0x0000000008002588       0x28 Middlewares/Third_Party/FreeRTOS/Source/portable/GCC/ARM_CM4F/port.o
                0x0000000008002588                vPortExitCritical
 .text.PendSV_Handler
                0x00000000080025b0       0x64 Middlewares/Third_Party/FreeRTOS/Source/portable/GCC/ARM_CM4F/port.o
                0x00000000080025b0                PendSV_Handler
 .text.xPortSysTickHandler
                0x0000000008002614       0x2c Middlewares/Third_Party/FreeRTOS/Source/portable/GCC/ARM_CM4F/port.o
                0x0000000008002614                xPortSysTickHandler
 .text.vPortSetupTimerInterrupt
                0x0000000008002640       0x34 Middlewares/Third_Party/FreeRTOS/Source/portable/GCC/ARM_CM4F/port.o
                0x0000000008002640                vPortSetupTimerInterrupt
 .text.xPortStartScheduler
                0x0000000008002674      0x10c Middlewares/Third_Party/FreeRTOS/Source/portable/GCC/ARM_CM4F/port.o
                0x0000000008002674                xPortStartScheduler
 .text.vPortValidateInterruptPriority
                0x0000000008002780       0x5c Middlewares/Third_Party/FreeRTOS/Source/portable/GCC/ARM_CM4F/port.o
                0x0000000008002780                vPortValidateInterruptPriority
 .text.unlikely.prvInsertBlockIntoFreeList
                0x00000000080027dc       0x48 Middlewares/Third_Party/FreeRTOS/Source/portable/MemMang/heap_4.o
 .text.pvPortMalloc
                0x0000000008002824      0x118 Middlewares/Third_Party/FreeRTOS/Source/portable/MemMang/heap_4.o
                0x0000000008002824                pvPortMalloc
 .text.vPortFree
                0x000000000800293c       0x70 Middlewares/Third_Party/FreeRTOS/Source/portable/MemMang/heap_4.o
                0x000000000800293c                vPortFree
 .text.__libc_init_array
                0x00000000080029ac       0x48 e:/stm32cubeide_1.3.0/stm32cubeide/plugins/com.st.stm32cube.ide.mcu.externaltools.gnu-tools-for-stm32.7-2018-q2-update.win32_1.0.0.201904181610/tools/bin/../lib/gcc/arm-none-eabi/7.3.1/../../../../arm-none-eabi/lib/thumb/v7e-m/fpv4-sp/hard\libc_nano.a(lib_a-init.o)
                0x00000000080029ac                __libc_init_array
 .text.memcpy   0x00000000080029f4       0x16 e:/stm32cubeide_1.3.0/stm32cubeide/plugins/com.st.stm32cube.ide.mcu.externaltools.gnu-tools-for-stm32.7-2018-q2-update.win32_1.0.0.201904181610/tools/bin/../lib/gcc/arm-none-eabi/7.3.1/../../../../arm-none-eabi/lib/thumb/v7e-m/fpv4-sp/hard\libc_nano.a(lib_a-memcpy-stub.o)
                0x00000000080029f4                memcpy
 .text.memset   0x0000000008002a0a       0x10 e:/stm32cubeide_1.3.0/stm32cubeide/plugins/com.st.stm32cube.ide.mcu.externaltools.gnu-tools-for-stm32.7-2018-q2-update.win32_1.0.0.201904181610/tools/bin/../lib/gcc/arm-none-eabi/7.3.1/../../../../arm-none-eabi/lib/thumb/v7e-m/fpv4-sp/hard\libc_nano.a(lib_a-memset.o)
                0x0000000008002a0a                memset
 *(.glue_7)
 .glue_7        0x0000000008002a1a        0x0 linker stubs
 *(.glue_7t)
 .glue_7t       0x0000000008002a1a        0x0 linker stubs
 *(.eh_frame)
 *fill*         0x0000000008002a1a        0x2 
 .eh_frame      0x0000000008002a1c        0x0 e:/stm32cubeide_1.3.0/stm32cubeide/plugins/com.st.stm32cube.ide.mcu.externaltools.gnu-tools-for-stm32.7-2018-q2-update.win32_1.0.0.201904181610/tools/bin/../lib/gcc/arm-none-eabi/7.3.1/thumb/v7e-m/fpv4-sp/hard/crtbegin.o
 *(.init)
 .init          0x0000000008002a1c        0x4 e:/stm32cubeide_1.3.0/stm32cubeide/plugins/com.st.stm32cube.ide.mcu.externaltools.gnu-tools-for-stm32.7-2018-q2-update.win32_1.0.0.201904181610/tools/bin/../lib/gcc/arm-none-eabi/7.3.1/thumb/v7e-m/fpv4-sp/hard/crti.o
                0x0000000008002a1c                _init
 .init          0x0000000008002a20        0x8 e:/stm32cubeide_1.3.0/stm32cubeide/plugins/com.st.stm32cube.ide.mcu.externaltools.gnu-tools-for-stm32.7-2018-q2-update.win32_1.0.0.201904181610/tools/bin/../lib/gcc/arm-none-eabi/7.3.1/thumb/v7e-m/fpv4-sp/hard/crtn.o
 *(.fini)
 .fini          0x0000000008002a28        0x4 e:/stm32cubeide_1.3.0/stm32cubeide/plugins/com.st.stm32cube.ide.mcu.externaltools.gnu-tools-for-stm32.7-2018-q2-update.win32_1.0.0.201904181610/tools/bin/../lib/gcc/arm-none-eabi/7.3.1/thumb/v7e-m/fpv4-sp/hard/crti.o
                0x0000000008002a28                _fini
 .fini          0x0000000008002a2c        0x8 e:/stm32cubeide_1.3.0/stm32cubeide/plugins/com.st.stm32cube.ide.mcu.externaltools.gnu-tools-for-stm32.7-2018-q2-update.win32_1.0.0.201904181610/tools/bin/../lib/gcc/arm-none-eabi/7.3.1/thumb/v7e-m/fpv4-sp/hard/crtn.o
                0x0000000008002a34                . = ALIGN (0x4)
                0x0000000008002a34                _etext = .

.vfp11_veneer   0x0000000008002a34        0x0
 .vfp11_veneer  0x0000000008002a34        0x0 linker stubs

.v4_bx          0x0000000008002a34        0x0
 .v4_bx         0x0000000008002a34        0x0 linker stubs

.iplt           0x0000000008002a34        0x0
 .iplt          0x0000000008002a34        0x0 e:/stm32cubeide_1.3.0/stm32cubeide/plugins/com.st.stm32cube.ide.mcu.externaltools.gnu-tools-for-stm32.7-2018-q2-update.win32_1.0.0.201904181610/tools/bin/../lib/gcc/arm-none-eabi/7.3.1/thumb/v7e-m/fpv4-sp/hard/crtbegin.o

.rodata         0x0000000008002a34       0x80
                0x0000000008002a34                . = ALIGN (0x4)
 *(.rodata)
 *(.rodata*)
 .rodata.defaultTask_attributes
                0x0000000008002a34       0x24 Core/Src/main.o
                0x0000000008002a34                defaultTask_attributes
 .rodata.myTask02_attributes
                0x0000000008002a58       0x24 Core/Src/main.o
                0x0000000008002a58                myTask02_attributes
 .rodata.str1.1
                0x0000000008002a7c       0x15 Core/Src/main.o
 .rodata.AHBPrescTable
                0x0000000008002a91       0x10 Core/Src/system_stm32f4xx.o
                0x0000000008002a91                AHBPrescTable
 .rodata.vTaskStartScheduler.str1.1
                0x0000000008002aa1        0x5 Middlewares/Third_Party/FreeRTOS/Source/tasks.o
 .rodata.prvCheckForValidListAndQueue.str1.1
                0x0000000008002aa6        0x5 Middlewares/Third_Party/FreeRTOS/Source/timers.o
 .rodata.xTimerCreateTimerTask.str1.1
                0x0000000008002aab        0x8 Middlewares/Third_Party/FreeRTOS/Source/timers.o
                0x0000000008002ab4                . = ALIGN (0x4)
 *fill*         0x0000000008002ab3        0x1 

.ARM.extab      0x0000000008002ab4        0x0
                0x0000000008002ab4                . = ALIGN (0x4)
 *(.ARM.extab* .gnu.linkonce.armextab.*)
                0x0000000008002ab4                . = ALIGN (0x4)

.ARM            0x0000000008002ab4        0x8
                0x0000000008002ab4                . = ALIGN (0x4)
                0x0000000008002ab4                __exidx_start = .
 *(.ARM.exidx*)
 .ARM.exidx     0x0000000008002ab4        0x8 e:/stm32cubeide_1.3.0/stm32cubeide/plugins/com.st.stm32cube.ide.mcu.externaltools.gnu-tools-for-stm32.7-2018-q2-update.win32_1.0.0.201904181610/tools/bin/../lib/gcc/arm-none-eabi/7.3.1/thumb/v7e-m/fpv4-sp/hard\libgcc.a(_udivmoddi4.o)
                0x0000000008002abc                __exidx_end = .
                0x0000000008002abc                . = ALIGN (0x4)

.rel.dyn        0x0000000008002abc        0x0
 .rel.iplt      0x0000000008002abc        0x0 e:/stm32cubeide_1.3.0/stm32cubeide/plugins/com.st.stm32cube.ide.mcu.externaltools.gnu-tools-for-stm32.7-2018-q2-update.win32_1.0.0.201904181610/tools/bin/../lib/gcc/arm-none-eabi/7.3.1/thumb/v7e-m/fpv4-sp/hard/crtbegin.o

.preinit_array  0x0000000008002abc        0x0
                0x0000000008002abc                . = ALIGN (0x4)
                0x0000000008002abc                PROVIDE (__preinit_array_start = .)
 *(.preinit_array*)
                0x0000000008002abc                PROVIDE (__preinit_array_end = .)
                0x0000000008002abc                . = ALIGN (0x4)

.init_array     0x0000000008002abc        0x4
                0x0000000008002abc                . = ALIGN (0x4)
                0x0000000008002abc                PROVIDE (__init_array_start = .)
 *(SORT_BY_NAME(.init_array.*))
 *(.init_array*)
 .init_array    0x0000000008002abc        0x4 e:/stm32cubeide_1.3.0/stm32cubeide/plugins/com.st.stm32cube.ide.mcu.externaltools.gnu-tools-for-stm32.7-2018-q2-update.win32_1.0.0.201904181610/tools/bin/../lib/gcc/arm-none-eabi/7.3.1/thumb/v7e-m/fpv4-sp/hard/crtbegin.o
                0x0000000008002ac0                PROVIDE (__init_array_end = .)
                0x0000000008002ac0                . = ALIGN (0x4)

.fini_array     0x0000000008002ac0        0x4
                0x0000000008002ac0                . = ALIGN (0x4)
                [!provide]                        PROVIDE (__fini_array_start = .)
 *(SORT_BY_NAME(.fini_array.*))
 *(.fini_array*)
 .fini_array    0x0000000008002ac0        0x4 e:/stm32cubeide_1.3.0/stm32cubeide/plugins/com.st.stm32cube.ide.mcu.externaltools.gnu-tools-for-stm32.7-2018-q2-update.win32_1.0.0.201904181610/tools/bin/../lib/gcc/arm-none-eabi/7.3.1/thumb/v7e-m/fpv4-sp/hard/crtbegin.o
                [!provide]                        PROVIDE (__fini_array_end = .)
                0x0000000008002ac4                . = ALIGN (0x4)
                0x0000000008002ac4                _sidata = LOADADDR (.data)

.data           0x0000000020000000       0x10 load address 0x0000000008002ac4
                0x0000000020000000                . = ALIGN (0x4)
                0x0000000020000000                _sdata = .
 *(.data)
 *(.data*)
 .data.SystemCoreClock
                0x0000000020000000        0x4 Core/Src/system_stm32f4xx.o
                0x0000000020000000                SystemCoreClock
 .data.uwTickFreq
                0x0000000020000004        0x1 Drivers/STM32F4xx_HAL_Driver/Src/stm32f4xx_hal.o
                0x0000000020000004                uwTickFreq
 *fill*         0x0000000020000005        0x3 
 .data.uwTickPrio
                0x0000000020000008        0x4 Drivers/STM32F4xx_HAL_Driver/Src/stm32f4xx_hal.o
                0x0000000020000008                uwTickPrio
 .data.uxCriticalNesting
                0x000000002000000c        0x4 Middlewares/Third_Party/FreeRTOS/Source/portable/GCC/ARM_CM4F/port.o
                0x0000000020000010                . = ALIGN (0x4)
                0x0000000020000010                _edata = .

.igot.plt       0x0000000020000010        0x0 load address 0x0000000008002ad4
 .igot.plt      0x0000000020000010        0x0 e:/stm32cubeide_1.3.0/stm32cubeide/plugins/com.st.stm32cube.ide.mcu.externaltools.gnu-tools-for-stm32.7-2018-q2-update.win32_1.0.0.201904181610/tools/bin/../lib/gcc/arm-none-eabi/7.3.1/thumb/v7e-m/fpv4-sp/hard/crtbegin.o
                0x0000000020000010                . = ALIGN (0x4)

.bss            0x0000000020000010     0x496c load address 0x0000000008002ad4
                0x0000000020000010                _sbss = .
                0x0000000020000010                __bss_start__ = _sbss
 *(.bss)
 .bss           0x0000000020000010       0x1c e:/stm32cubeide_1.3.0/stm32cubeide/plugins/com.st.stm32cube.ide.mcu.externaltools.gnu-tools-for-stm32.7-2018-q2-update.win32_1.0.0.201904181610/tools/bin/../lib/gcc/arm-none-eabi/7.3.1/thumb/v7e-m/fpv4-sp/hard/crtbegin.o
 *(.bss*)
 .bss.Idle_Stack
                0x000000002000002c      0x200 Middlewares/Third_Party/FreeRTOS/Source/CMSIS_RTOS_V2/cmsis_os2.o
 .bss.Idle_TCB  0x000000002000022c       0x5c Middlewares/Third_Party/FreeRTOS/Source/CMSIS_RTOS_V2/cmsis_os2.o
 .bss.KernelState
                0x0000000020000288        0x4 Middlewares/Third_Party/FreeRTOS/Source/CMSIS_RTOS_V2/cmsis_os2.o
 .bss.Timer_Stack
                0x000000002000028c      0x400 Middlewares/Third_Party/FreeRTOS/Source/CMSIS_RTOS_V2/cmsis_os2.o
 .bss.Timer_TCB
                0x000000002000068c       0x5c Middlewares/Third_Party/FreeRTOS/Source/CMSIS_RTOS_V2/cmsis_os2.o
 .bss.pxCurrentTCB
                0x00000000200006e8        0x4 Middlewares/Third_Party/FreeRTOS/Source/tasks.o
                0x00000000200006e8                pxCurrentTCB
 .bss.pxDelayedTaskList
                0x00000000200006ec        0x4 Middlewares/Third_Party/FreeRTOS/Source/tasks.o
 .bss.pxOverflowDelayedTaskList
                0x00000000200006f0        0x4 Middlewares/Third_Party/FreeRTOS/Source/tasks.o
 .bss.pxReadyTasksLists
                0x00000000200006f4      0x460 Middlewares/Third_Party/FreeRTOS/Source/tasks.o
 .bss.uxCurrentNumberOfTasks
                0x0000000020000b54        0x4 Middlewares/Third_Party/FreeRTOS/Source/tasks.o
 .bss.uxDeletedTasksWaitingCleanUp
                0x0000000020000b58        0x4 Middlewares/Third_Party/FreeRTOS/Source/tasks.o
 .bss.uxPendedTicks
                0x0000000020000b5c        0x4 Middlewares/Third_Party/FreeRTOS/Source/tasks.o
 .bss.uxSchedulerSuspended
                0x0000000020000b60        0x4 Middlewares/Third_Party/FreeRTOS/Source/tasks.o
 .bss.uxTaskNumber
                0x0000000020000b64        0x4 Middlewares/Third_Party/FreeRTOS/Source/tasks.o
 .bss.uxTopReadyPriority
                0x0000000020000b68        0x4 Middlewares/Third_Party/FreeRTOS/Source/tasks.o
 .bss.xDelayedTaskList1
                0x0000000020000b6c       0x14 Middlewares/Third_Party/FreeRTOS/Source/tasks.o
 .bss.xDelayedTaskList2
                0x0000000020000b80       0x14 Middlewares/Third_Party/FreeRTOS/Source/tasks.o
 .bss.xNextTaskUnblockTime
                0x0000000020000b94        0x4 Middlewares/Third_Party/FreeRTOS/Source/tasks.o
 .bss.xNumOfOverflows
                0x0000000020000b98        0x4 Middlewares/Third_Party/FreeRTOS/Source/tasks.o
 .bss.xPendingReadyList
                0x0000000020000b9c       0x14 Middlewares/Third_Party/FreeRTOS/Source/tasks.o
 .bss.xSchedulerRunning
                0x0000000020000bb0        0x4 Middlewares/Third_Party/FreeRTOS/Source/tasks.o
 .bss.xSuspendedTaskList
                0x0000000020000bb4       0x14 Middlewares/Third_Party/FreeRTOS/Source/tasks.o
 .bss.xTasksWaitingTermination
                0x0000000020000bc8       0x14 Middlewares/Third_Party/FreeRTOS/Source/tasks.o
 .bss.xTickCount
                0x0000000020000bdc        0x4 Middlewares/Third_Party/FreeRTOS/Source/tasks.o
 .bss.xYieldPending
                0x0000000020000be0        0x4 Middlewares/Third_Party/FreeRTOS/Source/tasks.o
 .bss.pxCurrentTimerList
                0x0000000020000be4        0x4 Middlewares/Third_Party/FreeRTOS/Source/timers.o
 .bss.pxOverflowTimerList
                0x0000000020000be8        0x4 Middlewares/Third_Party/FreeRTOS/Source/timers.o
 .bss.ucStaticTimerQueueStorage.6794
                0x0000000020000bec       0xa0 Middlewares/Third_Party/FreeRTOS/Source/timers.o
 .bss.xActiveTimerList1
                0x0000000020000c8c       0x14 Middlewares/Third_Party/FreeRTOS/Source/timers.o
 .bss.xActiveTimerList2
                0x0000000020000ca0       0x14 Middlewares/Third_Party/FreeRTOS/Source/timers.o
 .bss.xLastTime.6743
                0x0000000020000cb4        0x4 Middlewares/Third_Party/FreeRTOS/Source/timers.o
 .bss.xStaticTimerQueue.6793
                0x0000000020000cb8       0x50 Middlewares/Third_Party/FreeRTOS/Source/timers.o
 .bss.xTimerQueue
                0x0000000020000d08        0x4 Middlewares/Third_Party/FreeRTOS/Source/timers.o
 .bss.xTimerTaskHandle
                0x0000000020000d0c        0x4 Middlewares/Third_Party/FreeRTOS/Source/timers.o
 .bss.ucMaxSysCallPriority
                0x0000000020000d10        0x1 Middlewares/Third_Party/FreeRTOS/Source/portable/GCC/ARM_CM4F/port.o
 *fill*         0x0000000020000d11        0x3 
 .bss.ulMaxPRIGROUPValue
                0x0000000020000d14        0x4 Middlewares/Third_Party/FreeRTOS/Source/portable/GCC/ARM_CM4F/port.o
 .bss.pxEnd     0x0000000020000d18        0x4 Middlewares/Third_Party/FreeRTOS/Source/portable/MemMang/heap_4.o
 .bss.ucHeap    0x0000000020000d1c     0x3c00 Middlewares/Third_Party/FreeRTOS/Source/portable/MemMang/heap_4.o
 .bss.xBlockAllocatedBit
                0x000000002000491c        0x4 Middlewares/Third_Party/FreeRTOS/Source/portable/MemMang/heap_4.o
 .bss.xFreeBytesRemaining
                0x0000000020004920        0x4 Middlewares/Third_Party/FreeRTOS/Source/portable/MemMang/heap_4.o
 .bss.xMinimumEverFreeBytesRemaining
                0x0000000020004924        0x4 Middlewares/Third_Party/FreeRTOS/Source/portable/MemMang/heap_4.o
 .bss.xStart    0x0000000020004928        0x8 Middlewares/Third_Party/FreeRTOS/Source/portable/MemMang/heap_4.o
 *(COMMON)
 COMMON         0x0000000020004930        0x8 Core/Src/main.o
                0x0000000020004930                defaultTaskHandle
                0x0000000020004934                myTask02Handle
 COMMON         0x0000000020004938        0x4 Drivers/STM32F4xx_HAL_Driver/Src/stm32f4xx_hal.o
                0x0000000020004938                uwTick
 COMMON         0x000000002000493c       0x40 Middlewares/Third_Party/FreeRTOS/Source/queue.o
                0x000000002000493c                xQueueRegistry
                0x000000002000497c                . = ALIGN (0x4)
                0x000000002000497c                _ebss = .
                0x000000002000497c                __bss_end__ = _ebss

._user_heap_stack
                0x000000002000497c      0x604 load address 0x0000000008002ad4
                0x0000000020004980                . = ALIGN (0x8)
 *fill*         0x000000002000497c        0x4 
                0x0000000020004980                PROVIDE (end = .)
                [!provide]                        PROVIDE (_end = .)
                0x0000000020004b80                . = (. + _Min_Heap_Size)
 *fill*         0x0000000020004980      0x200 
                0x0000000020004f80                . = (. + _Min_Stack_Size)
 *fill*         0x0000000020004b80      0x400 
                0x0000000020004f80                . = ALIGN (0x8)

/DISCARD/
 libc.a(*)
 libm.a(*)
 libgcc.a(*)

.ARM.attributes
                0x0000000000000000       0x30
 *(.ARM.attributes)
 .ARM.attributes
                0x0000000000000000       0x22 e:/stm32cubeide_1.3.0/stm32cubeide/plugins/com.st.stm32cube.ide.mcu.externaltools.gnu-tools-for-stm32.7-2018-q2-update.win32_1.0.0.201904181610/tools/bin/../lib/gcc/arm-none-eabi/7.3.1/thumb/v7e-m/fpv4-sp/hard/crti.o
 .ARM.attributes
                0x0000000000000022       0x34 e:/stm32cubeide_1.3.0/stm32cubeide/plugins/com.st.stm32cube.ide.mcu.externaltools.gnu-tools-for-stm32.7-2018-q2-update.win32_1.0.0.201904181610/tools/bin/../lib/gcc/arm-none-eabi/7.3.1/thumb/v7e-m/fpv4-sp/hard/crtbegin.o
 .ARM.attributes
                0x0000000000000056       0x39 Core/Src/main.o
 .ARM.attributes
                0x000000000000008f       0x39 Core/Src/stm32f4xx_hal_msp.o
 .ARM.attributes
                0x00000000000000c8       0x39 Core/Src/stm32f4xx_it.o
 .ARM.attributes
                0x0000000000000101       0x39 Core/Src/system_stm32f4xx.o
 .ARM.attributes
                0x000000000000013a       0x21 Core/Startup/startup_stm32f429zitx.o
 .ARM.attributes
                0x000000000000015b       0x39 Drivers/STM32F4xx_HAL_Driver/Src/stm32f4xx_hal.o
 .ARM.attributes
                0x0000000000000194       0x39 Drivers/STM32F4xx_HAL_Driver/Src/stm32f4xx_hal_cortex.o
 .ARM.attributes
                0x00000000000001cd       0x39 Drivers/STM32F4xx_HAL_Driver/Src/stm32f4xx_hal_gpio.o
 .ARM.attributes
                0x0000000000000206       0x39 Drivers/STM32F4xx_HAL_Driver/Src/stm32f4xx_hal_rcc.o
 .ARM.attributes
                0x000000000000023f       0x39 Middlewares/Third_Party/FreeRTOS/Source/CMSIS_RTOS_V2/cmsis_os2.o
 .ARM.attributes
                0x0000000000000278       0x39 Middlewares/Third_Party/FreeRTOS/Source/list.o
 .ARM.attributes
                0x00000000000002b1       0x39 Middlewares/Third_Party/FreeRTOS/Source/queue.o
 .ARM.attributes
                0x00000000000002ea       0x39 Middlewares/Third_Party/FreeRTOS/Source/tasks.o
 .ARM.attributes
                0x0000000000000323       0x39 Middlewares/Third_Party/FreeRTOS/Source/timers.o
 .ARM.attributes
                0x000000000000035c       0x39 Middlewares/Third_Party/FreeRTOS/Source/portable/GCC/ARM_CM4F/port.o
 .ARM.attributes
                0x0000000000000395       0x39 Middlewares/Third_Party/FreeRTOS/Source/portable/MemMang/heap_4.o
 .ARM.attributes
                0x00000000000003ce       0x34 e:/stm32cubeide_1.3.0/stm32cubeide/plugins/com.st.stm32cube.ide.mcu.externaltools.gnu-tools-for-stm32.7-2018-q2-update.win32_1.0.0.201904181610/tools/bin/../lib/gcc/arm-none-eabi/7.3.1/../../../../arm-none-eabi/lib/thumb/v7e-m/fpv4-sp/hard\libc_nano.a(lib_a-init.o)
 .ARM.attributes
                0x0000000000000402       0x34 e:/stm32cubeide_1.3.0/stm32cubeide/plugins/com.st.stm32cube.ide.mcu.externaltools.gnu-tools-for-stm32.7-2018-q2-update.win32_1.0.0.201904181610/tools/bin/../lib/gcc/arm-none-eabi/7.3.1/../../../../arm-none-eabi/lib/thumb/v7e-m/fpv4-sp/hard\libc_nano.a(lib_a-memcpy-stub.o)
 .ARM.attributes
                0x0000000000000436       0x34 e:/stm32cubeide_1.3.0/stm32cubeide/plugins/com.st.stm32cube.ide.mcu.externaltools.gnu-tools-for-stm32.7-2018-q2-update.win32_1.0.0.201904181610/tools/bin/../lib/gcc/arm-none-eabi/7.3.1/../../../../arm-none-eabi/lib/thumb/v7e-m/fpv4-sp/hard\libc_nano.a(lib_a-memset.o)
 .ARM.attributes
                0x000000000000046a       0x22 e:/stm32cubeide_1.3.0/stm32cubeide/plugins/com.st.stm32cube.ide.mcu.externaltools.gnu-tools-for-stm32.7-2018-q2-update.win32_1.0.0.201904181610/tools/bin/../lib/gcc/arm-none-eabi/7.3.1/thumb/v7e-m/fpv4-sp/hard\libgcc.a(_aeabi_uldivmod.o)
 .ARM.attributes
                0x000000000000048c       0x34 e:/stm32cubeide_1.3.0/stm32cubeide/plugins/com.st.stm32cube.ide.mcu.externaltools.gnu-tools-for-stm32.7-2018-q2-update.win32_1.0.0.201904181610/tools/bin/../lib/gcc/arm-none-eabi/7.3.1/thumb/v7e-m/fpv4-sp/hard\libgcc.a(_udivmoddi4.o)
 .ARM.attributes
                0x00000000000004c0       0x22 e:/stm32cubeide_1.3.0/stm32cubeide/plugins/com.st.stm32cube.ide.mcu.externaltools.gnu-tools-for-stm32.7-2018-q2-update.win32_1.0.0.201904181610/tools/bin/../lib/gcc/arm-none-eabi/7.3.1/thumb/v7e-m/fpv4-sp/hard\libgcc.a(_dvmd_tls.o)
 .ARM.attributes
                0x00000000000004e2       0x22 e:/stm32cubeide_1.3.0/stm32cubeide/plugins/com.st.stm32cube.ide.mcu.externaltools.gnu-tools-for-stm32.7-2018-q2-update.win32_1.0.0.201904181610/tools/bin/../lib/gcc/arm-none-eabi/7.3.1/thumb/v7e-m/fpv4-sp/hard/crtn.o
OUTPUT(prj2.elf elf32-littlearm)

.comment        0x0000000000000000       0x7b
 .comment       0x0000000000000000       0x7b Core/Src/main.o
                                         0x7c (size before relaxing)
 .comment       0x000000000000007b       0x7c Core/Src/stm32f4xx_hal_msp.o
 .comment       0x000000000000007b       0x7c Core/Src/stm32f4xx_it.o
 .comment       0x000000000000007b       0x7c Core/Src/system_stm32f4xx.o
 .comment       0x000000000000007b       0x7c Drivers/STM32F4xx_HAL_Driver/Src/stm32f4xx_hal.o
 .comment       0x000000000000007b       0x7c Drivers/STM32F4xx_HAL_Driver/Src/stm32f4xx_hal_cortex.o
 .comment       0x000000000000007b       0x7c Drivers/STM32F4xx_HAL_Driver/Src/stm32f4xx_hal_gpio.o
 .comment       0x000000000000007b       0x7c Drivers/STM32F4xx_HAL_Driver/Src/stm32f4xx_hal_rcc.o
 .comment       0x000000000000007b       0x7c Middlewares/Third_Party/FreeRTOS/Source/CMSIS_RTOS_V2/cmsis_os2.o
 .comment       0x000000000000007b       0x7c Middlewares/Third_Party/FreeRTOS/Source/list.o
 .comment       0x000000000000007b       0x7c Middlewares/Third_Party/FreeRTOS/Source/queue.o
 .comment       0x000000000000007b       0x7c Middlewares/Third_Party/FreeRTOS/Source/tasks.o
 .comment       0x000000000000007b       0x7c Middlewares/Third_Party/FreeRTOS/Source/timers.o
 .comment       0x000000000000007b       0x7c Middlewares/Third_Party/FreeRTOS/Source/portable/GCC/ARM_CM4F/port.o
 .comment       0x000000000000007b       0x7c Middlewares/Third_Party/FreeRTOS/Source/portable/MemMang/heap_4.o

.debug_frame    0x0000000000000000       0xd4
 .debug_frame   0x0000000000000000       0x2c e:/stm32cubeide_1.3.0/stm32cubeide/plugins/com.st.stm32cube.ide.mcu.externaltools.gnu-tools-for-stm32.7-2018-q2-update.win32_1.0.0.201904181610/tools/bin/../lib/gcc/arm-none-eabi/7.3.1/../../../../arm-none-eabi/lib/thumb/v7e-m/fpv4-sp/hard\libc_nano.a(lib_a-init.o)
 .debug_frame   0x000000000000002c       0x28 e:/stm32cubeide_1.3.0/stm32cubeide/plugins/com.st.stm32cube.ide.mcu.externaltools.gnu-tools-for-stm32.7-2018-q2-update.win32_1.0.0.201904181610/tools/bin/../lib/gcc/arm-none-eabi/7.3.1/../../../../arm-none-eabi/lib/thumb/v7e-m/fpv4-sp/hard\libc_nano.a(lib_a-memcpy-stub.o)
 .debug_frame   0x0000000000000054       0x20 e:/stm32cubeide_1.3.0/stm32cubeide/plugins/com.st.stm32cube.ide.mcu.externaltools.gnu-tools-for-stm32.7-2018-q2-update.win32_1.0.0.201904181610/tools/bin/../lib/gcc/arm-none-eabi/7.3.1/../../../../arm-none-eabi/lib/thumb/v7e-m/fpv4-sp/hard\libc_nano.a(lib_a-memset.o)
 .debug_frame   0x0000000000000074       0x2c e:/stm32cubeide_1.3.0/stm32cubeide/plugins/com.st.stm32cube.ide.mcu.externaltools.gnu-tools-for-stm32.7-2018-q2-update.win32_1.0.0.201904181610/tools/bin/../lib/gcc/arm-none-eabi/7.3.1/thumb/v7e-m/fpv4-sp/hard\libgcc.a(_aeabi_uldivmod.o)
 .debug_frame   0x00000000000000a0       0x34 e:/stm32cubeide_1.3.0/stm32cubeide/plugins/com.st.stm32cube.ide.mcu.externaltools.gnu-tools-for-stm32.7-2018-q2-update.win32_1.0.0.201904181610/tools/bin/../lib/gcc/arm-none-eabi/7.3.1/thumb/v7e-m/fpv4-sp/hard\libgcc.a(_udivmoddi4.o)
